// Jest Snapshot v1, https://goo.gl/fbAQLP

exports[`Test correct render Test correct render 1`] = `
<div
  aria-valuemax={100}
  aria-valuemin={0}
  aria-valuenow={0}
  className="linear indeterminate"
  style={undefined}
>
  <div>
    <span
      className="buffer"
      data-ref="buffer"
      style={undefined}
    />
    <span
      className="value"
      data-ref="value"
      style={
        Object {
          "backgroundColor": undefined,
        }
      }
    />
  </div>
</div>
`;
